[2025-10-16 15:09:14:401][background-preinit] INFO  o.h.validator.internal.util.Version - HV000001: Hibernate Validator 8.0.3.Final
[2025-10-16 15:09:14:421][restartedMain] INFO  c.sqld_board.sqld.SqldApplication - Starting SqldApplication using Java 17.0.11 with PID 24803 (/Users/minboklee/Downloads/sqld/build/classes/java/main started by minboklee in /Users/minboklee/Downloads/sqld)
[2025-10-16 15:09:14:422][restartedMain] INFO  c.sqld_board.sqld.SqldApplication - No active profile set, falling back to 1 default profile: "default"
[2025-10-16 15:09:14:438][restartedMain] INFO  o.s.b.d.restart.ChangeableUrls - The Class-Path manifest attribute in /Users/minboklee/.gradle/caches/modules-2/files-2.1/com.oracle.database.jdbc/ojdbc11/23.7.0.25.01/665f52abef9122ce003b5cfc1d9d44f7302e2cfe/ojdbc11-23.7.0.25.01.jar referenced one or more files that do not exist: file:/Users/minboklee/.gradle/caches/modules-2/files-2.1/com.oracle.database.jdbc/ojdbc11/23.7.0.25.01/665f52abef9122ce003b5cfc1d9d44f7302e2cfe/oraclepki.jar
[2025-10-16 15:09:14:439][restartedMain] INFO  o.s.b.d.e.DevToolsPropertyDefaultsPostProcessor - Devtools property defaults active! Set 'spring.devtools.add-properties' to 'false' to disable
[2025-10-16 15:09:14:439][restartedMain] INFO  o.s.b.d.e.DevToolsPropertyDefaultsPostProcessor - For additional web related logging consider setting the 'logging.level.web' property to 'DEBUG'
[2025-10-16 15:09:15:1059][restartedMain] INFO  o.s.b.w.e.tomcat.TomcatWebServer - Tomcat initialized with port 8881 (http)
[2025-10-16 15:09:15:1065][restartedMain] INFO  o.a.coyote.http11.Http11NioProtocol - Initializing ProtocolHandler ["http-nio-8881"]
[2025-10-16 15:09:15:1066][restartedMain] INFO  o.a.catalina.core.StandardService - Starting service [Tomcat]
[2025-10-16 15:09:15:1066][restartedMain] INFO  o.a.catalina.core.StandardEngine - Starting Servlet engine: [Apache Tomcat/10.1.46]
[2025-10-16 15:09:15:1089][restartedMain] INFO  o.a.c.c.C.[Tomcat].[localhost].[/] - Initializing Spring embedded WebApplicationContext
[2025-10-16 15:09:15:1089][restartedMain] INFO  o.s.b.w.s.c.ServletWebServerApplicationContext - Root WebApplicationContext: initialization completed in 650 ms
[2025-10-16 15:09:15:1422][restartedMain] INFO  com.zaxxer.hikari.HikariDataSource - HikariPool-1 - Starting...
[2025-10-16 15:09:15:1424][restartedMain] WARN  c.z.hikari.util.DriverDataSource - Registered driver with driverClassName=oracle.jdbc.driver.OracleDriver was not found, trying direct instantiation.
[2025-10-16 15:09:16:1738][restartedMain] INFO  com.zaxxer.hikari.pool.HikariPool - HikariPool-1 - Added connection oracle.jdbc.driver.T4CConnection@7b66bb5d
[2025-10-16 15:09:16:1739][restartedMain] INFO  com.zaxxer.hikari.HikariDataSource - HikariPool-1 - Start completed.
[2025-10-16 15:09:16:1744][restartedMain] INFO  o.s.b.a.h.H2ConsoleAutoConfiguration - H2 console available at '/h2-console'. Database available at 'jdbc:oracle:thin:@175.197.69.42:1521:orcl'
[2025-10-16 15:09:16:1778][restartedMain] INFO  o.s.b.d.a.OptionalLiveReloadServer - LiveReload server is running on port 35729
[2025-10-16 15:09:16:1792][restartedMain] INFO  o.a.coyote.http11.Http11NioProtocol - Starting ProtocolHandler ["http-nio-8881"]
[2025-10-16 15:09:16:1809][restartedMain] INFO  o.s.b.w.e.tomcat.TomcatWebServer - Tomcat started on port 8881 (http) with context path '/'
[2025-10-16 15:09:16:1820][restartedMain] INFO  c.sqld_board.sqld.SqldApplication - Started SqldApplication in 1.706 seconds (process running for 2.183)
[2025-10-16 15:10:22:67885][File Watcher] INFO  o.s.b.d.a.LocalDevToolsAutoConfiguration$RestartingClassPathChangeChangedEventListener - Restarting due to 4 class path changes (1 addition, 0 deletions, 3 modifications)
[2025-10-16 15:10:22:67900][Thread-7] INFO  o.s.b.w.e.tomcat.GracefulShutdown - Commencing graceful shutdown. Waiting for active requests to complete
[2025-10-16 15:10:22:67901][tomcat-shutdown] INFO  o.a.coyote.http11.Http11NioProtocol - Pausing ProtocolHandler ["http-nio-8881"]
[2025-10-16 15:10:22:67947][tomcat-shutdown] INFO  o.s.b.w.e.tomcat.GracefulShutdown - Graceful shutdown complete
[2025-10-16 15:10:22:67947][Thread-7] INFO  o.a.coyote.http11.Http11NioProtocol - Stopping ProtocolHandler ["http-nio-8881"]
[2025-10-16 15:10:22:67952][Thread-7] INFO  com.zaxxer.hikari.HikariDataSource - HikariPool-1 - Shutdown initiated...
[2025-10-16 15:10:22:68036][Thread-7] INFO  com.zaxxer.hikari.HikariDataSource - HikariPool-1 - Shutdown completed.
[2025-10-16 15:10:22:68101][restartedMain] INFO  c.sqld_board.sqld.SqldApplication - Starting SqldApplication using Java 17.0.11 with PID 24803 (/Users/minboklee/Downloads/sqld/build/classes/java/main started by minboklee in /Users/minboklee/Downloads/sqld)
[2025-10-16 15:10:22:68101][restartedMain] INFO  c.sqld_board.sqld.SqldApplication - No active profile set, falling back to 1 default profile: "default"
[2025-10-16 15:10:22:68293][restartedMain] INFO  o.s.b.w.e.tomcat.TomcatWebServer - Tomcat initialized with port 8881 (http)
[2025-10-16 15:10:22:68293][restartedMain] INFO  o.a.coyote.http11.Http11NioProtocol - Initializing ProtocolHandler ["http-nio-8881"]
[2025-10-16 15:10:22:68294][restartedMain] INFO  o.a.catalina.core.StandardService - Starting service [Tomcat]
[2025-10-16 15:10:22:68294][restartedMain] INFO  o.a.catalina.core.StandardEngine - Starting Servlet engine: [Apache Tomcat/10.1.46]
[2025-10-16 15:10:22:68298][restartedMain] INFO  o.a.c.c.C.[Tomcat].[localhost].[/] - Initializing Spring embedded WebApplicationContext
[2025-10-16 15:10:22:68299][restartedMain] INFO  o.s.b.w.s.c.ServletWebServerApplicationContext - Root WebApplicationContext: initialization completed in 195 ms
[2025-10-16 15:10:22:68400][restartedMain] INFO  com.zaxxer.hikari.HikariDataSource - HikariPool-2 - Starting...
[2025-10-16 15:10:22:68401][restartedMain] WARN  c.z.hikari.util.DriverDataSource - Registered driver with driverClassName=oracle.jdbc.driver.OracleDriver was not found, trying direct instantiation.
[2025-10-16 15:10:22:68553][restartedMain] INFO  com.zaxxer.hikari.pool.HikariPool - HikariPool-2 - Added connection oracle.jdbc.driver.T4CConnection@2a5416c8
[2025-10-16 15:10:22:68553][restartedMain] INFO  com.zaxxer.hikari.HikariDataSource - HikariPool-2 - Start completed.
[2025-10-16 15:10:22:68553][restartedMain] INFO  o.s.b.a.h.H2ConsoleAutoConfiguration - H2 console available at '/h2-console'. Database available at 'jdbc:oracle:thin:@175.197.69.42:1521:orcl'
[2025-10-16 15:10:22:68561][restartedMain] INFO  o.s.b.d.a.OptionalLiveReloadServer - LiveReload server is running on port 35729
[2025-10-16 15:10:22:68569][restartedMain] INFO  o.a.coyote.http11.Http11NioProtocol - Starting ProtocolHandler ["http-nio-8881"]
[2025-10-16 15:10:22:68571][restartedMain] INFO  o.s.b.w.e.tomcat.TomcatWebServer - Tomcat started on port 8881 (http) with context path '/'
[2025-10-16 15:10:22:68575][restartedMain] INFO  c.sqld_board.sqld.SqldApplication - Started SqldApplication in 0.496 seconds (process running for 68.941)
[2025-10-16 15:10:22:68576][restartedMain] INFO  o.s.b.d.a.ConditionEvaluationDeltaLoggingListener - Condition evaluation unchanged
[2025-10-16 15:10:27:73051][SpringApplicationShutdownHook] INFO  o.s.b.w.e.tomcat.GracefulShutdown - Commencing graceful shutdown. Waiting for active requests to complete
[2025-10-16 15:10:27:73052][tomcat-shutdown] INFO  o.s.b.w.e.tomcat.GracefulShutdown - Graceful shutdown complete
[2025-10-16 15:10:27:73054][SpringApplicationShutdownHook] INFO  com.zaxxer.hikari.HikariDataSource - HikariPool-2 - Shutdown initiated...
[2025-10-16 15:10:27:73136][SpringApplicationShutdownHook] INFO  com.zaxxer.hikari.HikariDataSource - HikariPool-2 - Shutdown completed.
[2025-10-16 15:10:29:329][background-preinit] INFO  o.h.validator.internal.util.Version - HV000001: Hibernate Validator 8.0.3.Final
[2025-10-16 15:10:29:350][restartedMain] INFO  c.sqld_board.sqld.SqldApplication - Starting SqldApplication using Java 17.0.11 with PID 24999 (/Users/minboklee/Downloads/sqld/build/classes/java/main started by minboklee in /Users/minboklee/Downloads/sqld)
[2025-10-16 15:10:29:351][restartedMain] INFO  c.sqld_board.sqld.SqldApplication - No active profile set, falling back to 1 default profile: "default"
[2025-10-16 15:10:29:367][restartedMain] INFO  o.s.b.d.restart.ChangeableUrls - The Class-Path manifest attribute in /Users/minboklee/.gradle/caches/modules-2/files-2.1/com.oracle.database.jdbc/ojdbc11/23.7.0.25.01/665f52abef9122ce003b5cfc1d9d44f7302e2cfe/ojdbc11-23.7.0.25.01.jar referenced one or more files that do not exist: file:/Users/minboklee/.gradle/caches/modules-2/files-2.1/com.oracle.database.jdbc/ojdbc11/23.7.0.25.01/665f52abef9122ce003b5cfc1d9d44f7302e2cfe/oraclepki.jar
[2025-10-16 15:10:29:368][restartedMain] INFO  o.s.b.d.e.DevToolsPropertyDefaultsPostProcessor - Devtools property defaults active! Set 'spring.devtools.add-properties' to 'false' to disable
[2025-10-16 15:10:29:368][restartedMain] INFO  o.s.b.d.e.DevToolsPropertyDefaultsPostProcessor - For additional web related logging consider setting the 'logging.level.web' property to 'DEBUG'
[2025-10-16 15:10:29:981][restartedMain] INFO  o.s.b.w.e.tomcat.TomcatWebServer - Tomcat initialized with port 8881 (http)
[2025-10-16 15:10:29:988][restartedMain] INFO  o.a.coyote.http11.Http11NioProtocol - Initializing ProtocolHandler ["http-nio-8881"]
[2025-10-16 15:10:29:989][restartedMain] INFO  o.a.catalina.core.StandardService - Starting service [Tomcat]
[2025-10-16 15:10:29:989][restartedMain] INFO  o.a.catalina.core.StandardEngine - Starting Servlet engine: [Apache Tomcat/10.1.46]
[2025-10-16 15:10:29:1009][restartedMain] INFO  o.a.c.c.C.[Tomcat].[localhost].[/] - Initializing Spring embedded WebApplicationContext
[2025-10-16 15:10:29:1009][restartedMain] INFO  o.s.b.w.s.c.ServletWebServerApplicationContext - Root WebApplicationContext: initialization completed in 641 ms
[2025-10-16 15:10:30:1382][restartedMain] INFO  com.zaxxer.hikari.HikariDataSource - HikariPool-1 - Starting...
[2025-10-16 15:10:30:1384][restartedMain] WARN  c.z.hikari.util.DriverDataSource - Registered driver with driverClassName=oracle.jdbc.driver.OracleDriver was not found, trying direct instantiation.
[2025-10-16 15:10:30:1653][restartedMain] INFO  com.zaxxer.hikari.pool.HikariPool - HikariPool-1 - Added connection oracle.jdbc.driver.T4CConnection@7c0b4b88
[2025-10-16 15:10:30:1654][restartedMain] INFO  com.zaxxer.hikari.HikariDataSource - HikariPool-1 - Start completed.
[2025-10-16 15:10:30:1658][restartedMain] INFO  o.s.b.a.h.H2ConsoleAutoConfiguration - H2 console available at '/h2-console'. Database available at 'jdbc:oracle:thin:@175.197.69.42:1521:orcl'
[2025-10-16 15:10:30:1686][restartedMain] INFO  o.s.b.d.a.OptionalLiveReloadServer - LiveReload server is running on port 35729
[2025-10-16 15:10:30:1696][restartedMain] INFO  o.a.coyote.http11.Http11NioProtocol - Starting ProtocolHandler ["http-nio-8881"]
[2025-10-16 15:10:30:1705][restartedMain] INFO  o.s.b.w.e.tomcat.TomcatWebServer - Tomcat started on port 8881 (http) with context path '/'
[2025-10-16 15:10:30:1712][restartedMain] INFO  c.sqld_board.sqld.SqldApplication - Started SqldApplication in 1.629 seconds (process running for 2.004)
[2025-10-16 15:11:31:62682][File Watcher] INFO  o.s.b.d.a.LocalDevToolsAutoConfiguration$RestartingClassPathChangeChangedEventListener - Restarting due to 5 class path changes (1 addition, 0 deletions, 4 modifications)
[2025-10-16 15:11:31:62688][Thread-7] INFO  o.s.b.w.e.tomcat.GracefulShutdown - Commencing graceful shutdown. Waiting for active requests to complete
[2025-10-16 15:11:31:62689][tomcat-shutdown] INFO  o.a.coyote.http11.Http11NioProtocol - Pausing ProtocolHandler ["http-nio-8881"]
[2025-10-16 15:11:31:62697][tomcat-shutdown] INFO  o.s.b.w.e.tomcat.GracefulShutdown - Graceful shutdown complete
[2025-10-16 15:11:31:62698][Thread-7] INFO  o.a.coyote.http11.Http11NioProtocol - Stopping ProtocolHandler ["http-nio-8881"]
[2025-10-16 15:11:31:62703][Thread-7] INFO  com.zaxxer.hikari.HikariDataSource - HikariPool-1 - Shutdown initiated...
[2025-10-16 15:11:31:62792][Thread-7] INFO  com.zaxxer.hikari.HikariDataSource - HikariPool-1 - Shutdown completed.
[2025-10-16 15:11:31:62872][restartedMain] INFO  c.sqld_board.sqld.SqldApplication - Starting SqldApplication using Java 17.0.11 with PID 24999 (/Users/minboklee/Downloads/sqld/build/classes/java/main started by minboklee in /Users/minboklee/Downloads/sqld)
[2025-10-16 15:11:31:62872][restartedMain] INFO  c.sqld_board.sqld.SqldApplication - No active profile set, falling back to 1 default profile: "default"
[2025-10-16 15:11:31:63056][restartedMain] INFO  o.s.b.w.e.tomcat.TomcatWebServer - Tomcat initialized with port 8881 (http)
[2025-10-16 15:11:31:63056][restartedMain] INFO  o.a.coyote.http11.Http11NioProtocol - Initializing ProtocolHandler ["http-nio-8881"]
[2025-10-16 15:11:31:63056][restartedMain] INFO  o.a.catalina.core.StandardService - Starting service [Tomcat]
[2025-10-16 15:11:31:63056][restartedMain] INFO  o.a.catalina.core.StandardEngine - Starting Servlet engine: [Apache Tomcat/10.1.46]
[2025-10-16 15:11:31:63061][restartedMain] INFO  o.a.c.c.C.[Tomcat].[localhost].[/] - Initializing Spring embedded WebApplicationContext
[2025-10-16 15:11:31:63061][restartedMain] INFO  o.s.b.w.s.c.ServletWebServerApplicationContext - Root WebApplicationContext: initialization completed in 188 ms
[2025-10-16 15:11:32:63137][restartedMain] INFO  com.zaxxer.hikari.HikariDataSource - HikariPool-2 - Starting...
[2025-10-16 15:11:32:63137][restartedMain] WARN  c.z.hikari.util.DriverDataSource - Registered driver with driverClassName=oracle.jdbc.driver.OracleDriver was not found, trying direct instantiation.
[2025-10-16 15:11:32:63258][restartedMain] INFO  com.zaxxer.hikari.pool.HikariPool - HikariPool-2 - Added connection oracle.jdbc.driver.T4CConnection@167df4d7
[2025-10-16 15:11:32:63259][restartedMain] INFO  com.zaxxer.hikari.HikariDataSource - HikariPool-2 - Start completed.
[2025-10-16 15:11:32:63259][restartedMain] INFO  o.s.b.a.h.H2ConsoleAutoConfiguration - H2 console available at '/h2-console'. Database available at 'jdbc:oracle:thin:@175.197.69.42:1521:orcl'
[2025-10-16 15:11:32:63269][restartedMain] INFO  o.s.b.d.a.OptionalLiveReloadServer - LiveReload server is running on port 35729
[2025-10-16 15:11:32:63275][restartedMain] INFO  o.a.coyote.http11.Http11NioProtocol - Starting ProtocolHandler ["http-nio-8881"]
[2025-10-16 15:11:32:63276][restartedMain] INFO  o.s.b.w.e.tomcat.TomcatWebServer - Tomcat started on port 8881 (http) with context path '/'
[2025-10-16 15:11:32:63280][restartedMain] INFO  c.sqld_board.sqld.SqldApplication - Started SqldApplication in 0.431 seconds (process running for 63.575)
[2025-10-16 15:11:32:63282][restartedMain] INFO  o.s.b.d.a.ConditionEvaluationDeltaLoggingListener - Condition evaluation unchanged
[2025-10-16 15:13:27:178683][File Watcher] INFO  o.s.b.d.a.LocalDevToolsAutoConfiguration$RestartingClassPathChangeChangedEventListener - Restarting due to 5 class path changes (0 additions, 0 deletions, 5 modifications)
[2025-10-16 15:13:27:178687][Thread-9] INFO  o.s.b.w.e.tomcat.GracefulShutdown - Commencing graceful shutdown. Waiting for active requests to complete
[2025-10-16 15:13:27:178688][tomcat-shutdown] INFO  o.a.coyote.http11.Http11NioProtocol - Pausing ProtocolHandler ["http-nio-8881"]
[2025-10-16 15:13:27:178691][tomcat-shutdown] INFO  o.s.b.w.e.tomcat.GracefulShutdown - Graceful shutdown complete
[2025-10-16 15:13:27:178691][Thread-9] INFO  o.a.coyote.http11.Http11NioProtocol - Stopping ProtocolHandler ["http-nio-8881"]
[2025-10-16 15:13:27:178700][Thread-9] INFO  com.zaxxer.hikari.HikariDataSource - HikariPool-2 - Shutdown initiated...
[2025-10-16 15:13:27:178808][Thread-9] INFO  com.zaxxer.hikari.HikariDataSource - HikariPool-2 - Shutdown completed.
[2025-10-16 15:13:27:178972][restartedMain] INFO  c.sqld_board.sqld.SqldApplication - Starting SqldApplication using Java 17.0.11 with PID 24999 (/Users/minboklee/Downloads/sqld/build/classes/java/main started by minboklee in /Users/minboklee/Downloads/sqld)
[2025-10-16 15:13:27:178973][restartedMain] INFO  c.sqld_board.sqld.SqldApplication - No active profile set, falling back to 1 default profile: "default"
[2025-10-16 15:13:28:179285][restartedMain] INFO  o.s.b.w.e.tomcat.TomcatWebServer - Tomcat initialized with port 8881 (http)
[2025-10-16 15:13:28:179286][restartedMain] INFO  o.a.coyote.http11.Http11NioProtocol - Initializing ProtocolHandler ["http-nio-8881"]
[2025-10-16 15:13:28:179286][restartedMain] INFO  o.a.catalina.core.StandardService - Starting service [Tomcat]
[2025-10-16 15:13:28:179286][restartedMain] INFO  o.a.catalina.core.StandardEngine - Starting Servlet engine: [Apache Tomcat/10.1.46]
[2025-10-16 15:13:28:179291][restartedMain] INFO  o.a.c.c.C.[Tomcat].[localhost].[/] - Initializing Spring embedded WebApplicationContext
[2025-10-16 15:13:28:179291][restartedMain] INFO  o.s.b.w.s.c.ServletWebServerApplicationContext - Root WebApplicationContext: initialization completed in 314 ms
[2025-10-16 15:13:28:179377][restartedMain] INFO  com.zaxxer.hikari.HikariDataSource - HikariPool-3 - Starting...
[2025-10-16 15:13:28:179377][restartedMain] WARN  c.z.hikari.util.DriverDataSource - Registered driver with driverClassName=oracle.jdbc.driver.OracleDriver was not found, trying direct instantiation.
[2025-10-16 15:13:28:179491][restartedMain] INFO  com.zaxxer.hikari.pool.HikariPool - HikariPool-3 - Added connection oracle.jdbc.driver.T4CConnection@1cd0ac28
[2025-10-16 15:13:28:179491][restartedMain] INFO  com.zaxxer.hikari.HikariDataSource - HikariPool-3 - Start completed.
[2025-10-16 15:13:28:179492][restartedMain] INFO  o.s.b.a.h.H2ConsoleAutoConfiguration - H2 console available at '/h2-console'. Database available at 'jdbc:oracle:thin:@175.197.69.42:1521:orcl'
[2025-10-16 15:13:28:179509][restartedMain] INFO  o.s.b.d.a.OptionalLiveReloadServer - LiveReload server is running on port 35729
[2025-10-16 15:13:28:179517][restartedMain] INFO  o.a.coyote.http11.Http11NioProtocol - Starting ProtocolHandler ["http-nio-8881"]
[2025-10-16 15:13:28:179518][restartedMain] INFO  o.s.b.w.e.tomcat.TomcatWebServer - Tomcat started on port 8881 (http) with context path '/'
[2025-10-16 15:13:28:179522][restartedMain] INFO  c.sqld_board.sqld.SqldApplication - Started SqldApplication in 0.614 seconds (process running for 179.82)
[2025-10-16 15:13:28:179523][restartedMain] INFO  o.s.b.d.a.ConditionEvaluationDeltaLoggingListener - Condition evaluation unchanged
[2025-10-16 15:13:30:181972][SpringApplicationShutdownHook] INFO  o.s.b.w.e.tomcat.GracefulShutdown - Commencing graceful shutdown. Waiting for active requests to complete
[2025-10-16 15:13:30:181985][tomcat-shutdown] INFO  o.s.b.w.e.tomcat.GracefulShutdown - Graceful shutdown complete
[2025-10-16 15:13:30:181997][SpringApplicationShutdownHook] INFO  com.zaxxer.hikari.HikariDataSource - HikariPool-3 - Shutdown initiated...
[2025-10-16 15:13:30:182094][SpringApplicationShutdownHook] INFO  com.zaxxer.hikari.HikariDataSource - HikariPool-3 - Shutdown completed.
