[2026-04-19 17:33:52.166] [INFO ] [background-preinit] o.h.validator.internal.util.Version - HV000001: Hibernate Validator 8.0.3.Final
[2026-04-19 17:33:52.196] [INFO ] [restartedMain] com.sqld_board.sqld.SqldApplication - Starting SqldApplication using Java 17.0.11 with PID 86511 (/Users/minboklee/Downloads/sqld/build/classes/java/main started by minboklee in /Users/minboklee/Downloads/sqld)
[2026-04-19 17:33:52.197] [INFO ] [restartedMain] com.sqld_board.sqld.SqldApplication - The following 1 profile is active: "dev"
[2026-04-19 17:33:52.228] [INFO ] [restartedMain] o.s.b.d.restart.ChangeableUrls - The Class-Path manifest attribute in /Users/minboklee/.gradle/caches/modules-2/files-2.1/com.oracle.database.jdbc/ojdbc11/23.7.0.25.01/665f52abef9122ce003b5cfc1d9d44f7302e2cfe/ojdbc11-23.7.0.25.01.jar referenced one or more files that do not exist: file:/Users/minboklee/.gradle/caches/modules-2/files-2.1/com.oracle.database.jdbc/ojdbc11/23.7.0.25.01/665f52abef9122ce003b5cfc1d9d44f7302e2cfe/oraclepki.jar
[2026-04-19 17:33:52.228] [INFO ] [restartedMain] o.s.b.d.e.DevToolsPropertyDefaultsPostProcessor - Devtools property defaults active! Set 'spring.devtools.add-properties' to 'false' to disable
[2026-04-19 17:33:52.228] [INFO ] [restartedMain] o.s.b.d.e.DevToolsPropertyDefaultsPostProcessor - For additional web related logging consider setting the 'logging.level.web' property to 'DEBUG'
[2026-04-19 17:33:53.471] [INFO ] [restartedMain] o.s.d.r.c.RepositoryConfigurationDelegate - Multiple Spring Data modules found, entering strict repository configuration mode
[2026-04-19 17:33:53.475] [INFO ] [restartedMain] o.s.d.r.c.RepositoryConfigurationDelegate - Bootstrapping Spring Data Redis repositories in DEFAULT mode.
[2026-04-19 17:33:53.514] [INFO ] [restartedMain] o.s.d.r.c.RepositoryConfigurationDelegate - Finished Spring Data repository scanning in 9 ms. Found 0 Redis repository interfaces.
[2026-04-19 17:33:53.764] [INFO ] [restartedMain] c.u.j.c.EnableEncryptablePropertiesBeanFactoryPostProcessor - Post-processing PropertySource instances
[2026-04-19 17:33:53.764] [INFO ] [restartedMain] c.u.j.EncryptablePropertySourceConverter - Skipping PropertySource configurationProperties [class org.springframework.boot.context.properties.source.ConfigurationPropertySourcesPropertySource
[2026-04-19 17:33:53.764] [INFO ] [restartedMain] c.u.j.EncryptablePropertySourceConverter - Skipping PropertySource servletConfigInitParams [class org.springframework.core.env.PropertySource$StubPropertySource
[2026-04-19 17:33:53.765] [INFO ] [restartedMain] c.u.j.EncryptablePropertySourceConverter - Skipping PropertySource servletContextInitParams [class org.springframework.core.env.PropertySource$StubPropertySource
[2026-04-19 17:33:53.765] [INFO ] [restartedMain] c.u.j.EncryptablePropertySourceConverter - Converting PropertySource systemProperties [org.springframework.core.env.PropertiesPropertySource] to EncryptableMapPropertySourceWrapper
[2026-04-19 17:33:53.765] [INFO ] [restartedMain] c.u.j.EncryptablePropertySourceConverter - Converting PropertySource systemEnvironment [org.springframework.boot.env.SystemEnvironmentPropertySourceEnvironmentPostProcessor$OriginAwareSystemEnvironmentPropertySource] to EncryptableSystemEnvironmentPropertySourceWrapper
[2026-04-19 17:33:53.765] [INFO ] [restartedMain] c.u.j.EncryptablePropertySourceConverter - Converting PropertySource random [org.springframework.boot.env.RandomValuePropertySource] to EncryptablePropertySourceWrapper
[2026-04-19 17:33:53.765] [INFO ] [restartedMain] c.u.j.EncryptablePropertySourceConverter - Converting PropertySource Config resource 'class path resource [application-dev.yml]' via location 'optional:classpath:/' [org.springframework.boot.env.OriginTrackedMapPropertySource] to EncryptableMapPropertySourceWrapper
[2026-04-19 17:33:53.765] [INFO ] [restartedMain] c.u.j.EncryptablePropertySourceConverter - Converting PropertySource Config resource 'class path resource [application.yml]' via location 'optional:classpath:/' [org.springframework.boot.env.OriginTrackedMapPropertySource] to EncryptableMapPropertySourceWrapper
[2026-04-19 17:33:53.765] [INFO ] [restartedMain] c.u.j.EncryptablePropertySourceConverter - Converting PropertySource devtools [org.springframework.core.env.MapPropertySource] to EncryptableMapPropertySourceWrapper
[2026-04-19 17:33:53.765] [INFO ] [restartedMain] c.u.j.EncryptablePropertySourceConverter - Converting PropertySource applicationInfo [org.springframework.boot.ApplicationInfoPropertySource] to EncryptableMapPropertySourceWrapper
[2026-04-19 17:33:53.782] [INFO ] [restartedMain] c.u.j.f.DefaultLazyPropertyFilter - Property Filter custom Bean not found with name 'encryptablePropertyFilter'. Initializing Default Property Filter
[2026-04-19 17:33:53.788] [INFO ] [restartedMain] c.u.j.r.DefaultLazyPropertyResolver - Property Resolver custom Bean not found with name 'encryptablePropertyResolver'. Initializing Default Property Resolver
[2026-04-19 17:33:53.789] [INFO ] [restartedMain] c.u.j.d.DefaultLazyPropertyDetector - Property Detector custom Bean not found with name 'encryptablePropertyDetector'. Initializing Default Property Detector
[2026-04-19 17:33:54.257] [INFO ] [restartedMain] o.s.b.w.e.tomcat.TomcatWebServer - Tomcat initialized with port 8881 (http)
[2026-04-19 17:33:54.270] [INFO ] [restartedMain] o.a.coyote.http11.Http11NioProtocol - Initializing ProtocolHandler ["http-nio-8881"]
[2026-04-19 17:33:54.271] [INFO ] [restartedMain] o.a.catalina.core.StandardService - Starting service [Tomcat]
[2026-04-19 17:33:54.271] [INFO ] [restartedMain] o.a.catalina.core.StandardEngine - Starting Servlet engine: [Apache Tomcat/10.1.46]
[2026-04-19 17:33:54.299] [INFO ] [restartedMain] o.a.c.c.C.[Tomcat].[localhost].[/] - Initializing Spring embedded WebApplicationContext
[2026-04-19 17:33:54.299] [INFO ] [restartedMain] o.s.b.w.s.c.ServletWebServerApplicationContext - Root WebApplicationContext: initialization completed in 2070 ms
[2026-04-19 17:33:54.326] [INFO ] [restartedMain] c.u.j.encryptor.DefaultLazyEncryptor - String Encryptor custom Bean not found with name 'jasyptStringEncryptor'. Initializing Default String Encryptor
[2026-04-19 17:33:54.332] [INFO ] [restartedMain] c.u.j.c.StringEncryptorBuilder - Encryptor config not found for property jasypt.encryptor.key-obtention-iterations, using default value: 1000
[2026-04-19 17:33:54.333] [INFO ] [restartedMain] c.u.j.c.StringEncryptorBuilder - Encryptor config not found for property jasypt.encryptor.pool-size, using default value: 1
[2026-04-19 17:33:54.333] [INFO ] [restartedMain] c.u.j.c.StringEncryptorBuilder - Encryptor config not found for property jasypt.encryptor.provider-name, using default value: null
[2026-04-19 17:33:54.333] [INFO ] [restartedMain] c.u.j.c.StringEncryptorBuilder - Encryptor config not found for property jasypt.encryptor.provider-class-name, using default value: null
[2026-04-19 17:33:54.333] [INFO ] [restartedMain] c.u.j.c.StringEncryptorBuilder - Encryptor config not found for property jasypt.encryptor.salt-generator-classname, using default value: org.jasypt.salt.RandomSaltGenerator
[2026-04-19 17:33:54.334] [INFO ] [restartedMain] c.u.j.c.StringEncryptorBuilder - Encryptor config not found for property jasypt.encryptor.string-output-type, using default value: base64
[2026-04-19 17:33:56.109] [INFO ] [restartedMain] o.s.s.c.a.a.c.InitializeUserDetailsBeanManagerConfigurer$InitializeUserDetailsManagerConfigurer - Global AuthenticationManager configured with UserDetailsService bean with name customUserDetailService
[2026-04-19 17:33:56.165] [INFO ] [restartedMain] c.s.s.c.s.CustomSecurityConfig - ********* Security Config Loading: WebSocket Support Added
[2026-04-19 17:33:56.260] [WARN ] [restartedMain] o.s.s.c.a.w.b.WebSecurity$IgnoredRequestConfigurer - One of the patterns in [/demo-ui.html, /swagger-ui/**, /api-docs/**, /swagger-resources/**, /webjars/**, ws-stomp] is missing a leading slash. This is discouraged; please include the leading slash in all your request matcher patterns. In future versions of Spring Security, leaving out the leading slash will result in an exception.
[2026-04-19 17:33:56.269] [WARN ] [restartedMain] o.s.s.c.a.web.builders.WebSecurity - You are asking Spring Security to ignore Deferred [Mvc [pattern='/demo-ui.html'], Ant [pattern='/demo-ui.html']]. This is not recommended -- please use permitAll via HttpSecurity#authorizeHttpRequests instead.
[2026-04-19 17:33:56.269] [WARN ] [restartedMain] o.s.s.c.a.web.builders.WebSecurity - You are asking Spring Security to ignore Deferred [Mvc [pattern='/swagger-ui/**'], Ant [pattern='/swagger-ui/**']]. This is not recommended -- please use permitAll via HttpSecurity#authorizeHttpRequests instead.
[2026-04-19 17:33:56.269] [WARN ] [restartedMain] o.s.s.c.a.web.builders.WebSecurity - You are asking Spring Security to ignore Deferred [Mvc [pattern='/api-docs/**'], Ant [pattern='/api-docs/**']]. This is not recommended -- please use permitAll via HttpSecurity#authorizeHttpRequests instead.
[2026-04-19 17:33:56.269] [WARN ] [restartedMain] o.s.s.c.a.web.builders.WebSecurity - You are asking Spring Security to ignore Deferred [Mvc [pattern='/swagger-resources/**'], Ant [pattern='/swagger-resources/**']]. This is not recommended -- please use permitAll via HttpSecurity#authorizeHttpRequests instead.
[2026-04-19 17:33:56.269] [WARN ] [restartedMain] o.s.s.c.a.web.builders.WebSecurity - You are asking Spring Security to ignore Deferred [Mvc [pattern='/webjars/**'], Ant [pattern='/webjars/**']]. This is not recommended -- please use permitAll via HttpSecurity#authorizeHttpRequests instead.
[2026-04-19 17:33:56.269] [WARN ] [restartedMain] o.s.s.c.a.web.builders.WebSecurity - You are asking Spring Security to ignore Deferred [Mvc [pattern='ws-stomp'], Ant [pattern='ws-stomp']]. This is not recommended -- please use permitAll via HttpSecurity#authorizeHttpRequests instead.
[2026-04-19 17:33:56.644] [WARN ] [restartedMain] com.zaxxer.hikari.HikariConfig - HikariPool-1 - idleTimeout has been set but has no effect because the pool is operating as a fixed size pool.
[2026-04-19 17:33:56.644] [INFO ] [restartedMain] com.zaxxer.hikari.HikariDataSource - HikariPool-1 - Starting...
[2026-04-19 17:33:57.304] [INFO ] [restartedMain] com.zaxxer.hikari.pool.HikariPool - HikariPool-1 - Added connection net.sf.log4jdbc.sql.jdbcapi.ConnectionSpy@6d034ca7
[2026-04-19 17:33:57.305] [INFO ] [restartedMain] com.zaxxer.hikari.HikariDataSource - HikariPool-1 - Start completed.
[2026-04-19 17:33:57.311] [INFO ] [restartedMain] o.s.b.a.h.H2ConsoleAutoConfiguration - H2 console available at '/h2-console'. Database available at 'jdbc:mysql://175.197.69.42:3306/sqld_db?serverTimezone=Asia/Seoul&useSSL=false&allowPublicKeyRetrieval=true&useUnicode=true&characterEncoding=UTF-8'
[2026-04-19 17:33:57.431] [INFO ] [restartedMain] o.s.b.d.a.OptionalLiveReloadServer - LiveReload server is running on port 35729
[2026-04-19 17:33:57.501] [INFO ] [restartedMain] o.s.m.s.b.SimpleBrokerMessageHandler - Starting...
[2026-04-19 17:33:57.501] [INFO ] [restartedMain] o.s.m.s.b.SimpleBrokerMessageHandler - BrokerAvailabilityEvent[available=true, SimpleBrokerMessageHandler [org.springframework.messaging.simp.broker.DefaultSubscriptionRegistry@48134ce6]]
[2026-04-19 17:33:57.502] [INFO ] [restartedMain] o.s.m.s.b.SimpleBrokerMessageHandler - Started.
[2026-04-19 17:33:57.502] [INFO ] [restartedMain] o.a.coyote.http11.Http11NioProtocol - Starting ProtocolHandler ["http-nio-8881"]
[2026-04-19 17:33:57.529] [INFO ] [restartedMain] o.s.b.w.e.tomcat.TomcatWebServer - Tomcat started on port 8881 (http) with context path '/'
[2026-04-19 17:33:57.529] [INFO ] [restartedMain] c.u.j.c.RefreshScopeRefreshedEventListener - Refreshing cached encryptable property sources on ServletWebServerInitializedEvent
[2026-04-19 17:33:57.529] [INFO ] [restartedMain] c.u.j.c.CachingDelegateEncryptablePropertySource - Property Source systemProperties refreshed
[2026-04-19 17:33:57.529] [INFO ] [restartedMain] c.u.j.c.CachingDelegateEncryptablePropertySource - Property Source systemEnvironment refreshed
[2026-04-19 17:33:57.529] [INFO ] [restartedMain] c.u.j.c.CachingDelegateEncryptablePropertySource - Property Source random refreshed
[2026-04-19 17:33:57.529] [INFO ] [restartedMain] c.u.j.c.CachingDelegateEncryptablePropertySource - Property Source Config resource 'class path resource [application-dev.yml]' via location 'optional:classpath:/' refreshed
[2026-04-19 17:33:57.529] [INFO ] [restartedMain] c.u.j.c.CachingDelegateEncryptablePropertySource - Property Source Config resource 'class path resource [application.yml]' via location 'optional:classpath:/' refreshed
[2026-04-19 17:33:57.529] [INFO ] [restartedMain] c.u.j.c.CachingDelegateEncryptablePropertySource - Property Source devtools refreshed
[2026-04-19 17:33:57.529] [INFO ] [restartedMain] c.u.j.c.CachingDelegateEncryptablePropertySource - Property Source applicationInfo refreshed
[2026-04-19 17:33:57.530] [INFO ] [restartedMain] c.u.j.EncryptablePropertySourceConverter - Skipping PropertySource configurationProperties [class org.springframework.boot.context.properties.source.ConfigurationPropertySourcesPropertySource
[2026-04-19 17:33:57.530] [INFO ] [restartedMain] c.u.j.EncryptablePropertySourceConverter - Skipping PropertySource servletConfigInitParams [class org.springframework.core.env.PropertySource$StubPropertySource
[2026-04-19 17:33:57.530] [INFO ] [restartedMain] c.u.j.EncryptablePropertySourceConverter - Converting PropertySource servletContextInitParams [org.springframework.web.context.support.ServletContextPropertySource] to EncryptableEnumerablePropertySourceWrapper
[2026-04-19 17:33:58.955] [INFO ] [restartedMain] com.sqld_board.sqld.SqldApplication - Started SqldApplication in 7.136 seconds (process running for 7.929)
[2026-04-19 17:34:05.107] [INFO ] [http-nio-8881-exec-2] o.a.c.c.C.[Tomcat].[localhost].[/] - Initializing Spring DispatcherServlet 'dispatcherServlet'
[2026-04-19 17:34:05.108] [INFO ] [http-nio-8881-exec-2] o.s.web.servlet.DispatcherServlet - Initializing Servlet 'dispatcherServlet'
[2026-04-19 17:34:05.115] [INFO ] [http-nio-8881-exec-2] o.s.web.servlet.DispatcherServlet - Completed initialization in 7 ms
[2026-04-19 17:34:05.640] [INFO ] [http-nio-8881-exec-2] jdbc.sqltiming - SELECT  /* BoardMasterMapper.getBoardConfig 특정 게시판의 설정(이름, 카테고리 그룹, 기능 여부) 전체 리스트 조회 */
               BOARD_CODE
             , BOARD_NAME
             , GROUP_CODE
             , USE_YN
             , FILE_YN
             , REPLY_YN
             , CREATE_AT
             , UPDATE_AT
          FROM BOARD_MASTER
         ORDER BY CREATE_AT DESC
 {executed in 35 msec}
[2026-04-19 17:34:05.640] [INFO ] [http-nio-8881-exec-1] jdbc.sqltiming - SELECT  /* BoardMapper.getBoardList (게시판 목록 전체를 조회하는 쿼리 (사용자 정보 JOIN))*/
               B.BOARD_ID
             , B.TITLE
             , B.CONTENT
             , M.USER_ID
             , M.USER_NAME
             , B.MEMBER_ID
             , B.BOARD_CODE
             , B.CATEGORY_ID
             , B.VIEW_COUNT
             , B.LIKE_COUNT
             ,(SELECT COUNT(*)
                 FROM COMMENT_MANAGEMENT CM
                WHERE CM.BOARD_ID = B.BOARD_ID
                  AND CM.DELETE_YN = 'N') AS commentCount /* 댓글 작성 수 */
             , M.PROFILE_IMAGE
             , B.CREATE_AT
             , B.UPDATE_AT
             , B.TAG_NAME
        FROM
            BOARD B
        LEFT JOIN MEMBER_INFO M ON B.MEMBER_ID = M.MEMBER_ID
        WHERE B.DELETE_YN = 'N'
        ORDER BY
            B.CREATE_AT DESC
 {executed in 35 msec}
[2026-04-19 17:34:05.690] [INFO ] [http-nio-8881-exec-2] jdbc.sqltiming - SELECT /*  boardMapper.getCategoryListByBoardCode */
               CCD.CODE_ID AS categoryId
             , CCD.CODE_NAME AS categoryName
          FROM BOARD_MASTER BM
    INNER JOIN COMMON_CODE_DETAIL CCD
            ON BM.GROUP_CODE = CCD.GROUP_CODE
         WHERE BM.BOARD_CODE = 'B_GREETING_01'
           AND BM.USE_YN = 'Y'
      ORDER BY CCD.SORT_ORDER ASC
 {executed in 12 msec}
[2026-04-19 17:34:05.706] [INFO ] [http-nio-8881-exec-2] jdbc.sqltiming - SELECT /*  boardMapper.getCategoryListByBoardCode */
               CCD.CODE_ID AS categoryId
             , CCD.CODE_NAME AS categoryName
          FROM BOARD_MASTER BM
    INNER JOIN COMMON_CODE_DETAIL CCD
            ON BM.GROUP_CODE = CCD.GROUP_CODE
         WHERE BM.BOARD_CODE = 'B_NOTICE_01'
           AND BM.USE_YN = 'Y'
      ORDER BY CCD.SORT_ORDER ASC
 {executed in 14 msec}
[2026-04-19 17:34:05.717] [INFO ] [http-nio-8881-exec-2] jdbc.sqltiming - SELECT /*  boardMapper.getCategoryListByBoardCode */
               CCD.CODE_ID AS categoryId
             , CCD.CODE_NAME AS categoryName
          FROM BOARD_MASTER BM
    INNER JOIN COMMON_CODE_DETAIL CCD
            ON BM.GROUP_CODE = CCD.GROUP_CODE
         WHERE BM.BOARD_CODE = 'B_SQLD_01'
           AND BM.USE_YN = 'Y'
      ORDER BY CCD.SORT_ORDER ASC
 {executed in 10 msec}
[2026-04-19 17:34:06.108] [INFO ] [http-nio-8881-exec-3] jdbc.sqltiming - SELECT  /* BoardMapper.getBoardList (게시판 목록 전체를 조회하는 쿼리 (사용자 정보 JOIN))*/
               B.BOARD_ID
             , B.TITLE
             , B.CONTENT
             , M.USER_ID
             , M.USER_NAME
             , B.MEMBER_ID
             , B.BOARD_CODE
             , B.CATEGORY_ID
             , B.VIEW_COUNT
             , B.LIKE_COUNT
             ,(SELECT COUNT(*)
                 FROM COMMENT_MANAGEMENT CM
                WHERE CM.BOARD_ID = B.BOARD_ID
                  AND CM.DELETE_YN = 'N') AS commentCount /* 댓글 작성 수 */
             , M.PROFILE_IMAGE
             , B.CREATE_AT
             , B.UPDATE_AT
             , B.TAG_NAME
        FROM
            BOARD B
        LEFT JOIN MEMBER_INFO M ON B.MEMBER_ID = M.MEMBER_ID
        WHERE B.DELETE_YN = 'N'
        ORDER BY
            B.CREATE_AT DESC
 {executed in 20 msec}
[2026-04-19 17:34:27.438] [INFO ] [http-nio-8881-exec-6] jdbc.sqltiming - SELECT MEMBER_ID
             , USER_ID
             , USER_PASS
             , USER_NAME
             , USER_EMAIL
             , EMAIL_VERIFIED
             , USER_ROLE
             , USER_STATUS
             , PROFILE_IMAGE
             , CREATE_AT
             , UPDATE_AT
             , LAST_LOG_AT
          FROM MEMBER_INFO
         WHERE USER_ID = 'minbok'
         LIMIT 1
 {executed in 5 msec}
[2026-04-19 17:34:27.588] [INFO ] [http-nio-8881-exec-6] jdbc.sqltiming - UPDATE MEMBER_INFO
        SET LAST_LOG_AT = NOW()
        WHERE MEMBER_ID = 'MEMBER_20260317_009'
 {executed in 10 msec}
[2026-04-19 17:34:27.634] [INFO ] [http-nio-8881-exec-6] jdbc.sqltiming - DELETE FROM refresh_token WHERE MEMBER_ID = 'MEMBER_20260317_009'
 {executed in 9 msec}
[2026-04-19 17:34:27.648] [INFO ] [http-nio-8881-exec-6] jdbc.sqltiming - INSERT INTO refresh_token (MEMBER_ID, R_TOKEN, EXPIRY_DATE)
        VALUES ('MEMBER_20260317_009', 'cb69fccf-48f3-484f-96db-95604e2b0de8', '04/26/2026 17:34:27.635')
 {executed in 11 msec}
[2026-04-19 17:34:27.982] [INFO ] [http-nio-8881-exec-9] jdbc.sqltiming - SELECT /* MemberMapper.readMemberByMemberId (memberId를 통한 회원 정보 조회) */
               MEMBER_ID
             , USER_ID
             , USER_PASS
             , USER_NAME
             , USER_EMAIL
             , EMAIL_VERIFIED
             , USER_ROLE
             , USER_STATUS
             , PROFILE_IMAGE
             , CREATE_AT
             , UPDATE_AT
             , LAST_LOG_AT
          FROM MEMBER_INFO
        WHERE MEMBER_ID = 'MEMBER_20260317_009'
 {executed in 4 msec}
[2026-04-19 17:34:27.989] [INFO ] [http-nio-8881-exec-10] jdbc.sqltiming - SELECT /* MemberMapper.readMemberByMemberId (memberId를 통한 회원 정보 조회) */
               MEMBER_ID
             , USER_ID
             , USER_PASS
             , USER_NAME
             , USER_EMAIL
             , EMAIL_VERIFIED
             , USER_ROLE
             , USER_STATUS
             , PROFILE_IMAGE
             , CREATE_AT
             , UPDATE_AT
             , LAST_LOG_AT
          FROM MEMBER_INFO
        WHERE MEMBER_ID = 'MEMBER_20260317_009'
 {executed in 7 msec}
[2026-04-19 17:34:28.002] [INFO ] [http-nio-8881-exec-9] jdbc.sqltiming - SELECT /* ChatMapper.ChatMessage */
               CM.MESSAGE_ID                /* 메시지 아이디 */
             , CM.ROOM_ID                   /* 채팅방 아이디 */
             , CM.SENDER_ID                 /* 발신인 아이디 */
             ,  M.USER_NAME AS SENDER_NAME   /* 발신인 명 */
             , CM.CONTENT                   /* 내용 */
             , CM.SEND_TIME                 /* 보낸 시간 */
             , CM.CHAT_TYPE                 /* 채팅방 타입 */
          FROM CHAT_MESSAGE CM
     LEFT JOIN MEMBER_INFO M ON CM.SENDER_ID = M.MEMBER_ID
         WHERE ROOM_ID = 'OPEN_CHAT'
      ORDER BY SEND_TIME ASC /* 시간 순 정렬 */
         LIMIT 50           /* 50개까지 */
 {executed in 6 msec}
[2026-04-19 17:34:28.008] [INFO ] [http-nio-8881-exec-10] jdbc.sqltiming - SELECT /* WebSocketMapper.searchNotification */
            NOTI_ID
             , RECEIVER_ID
             , SENDER_ID
             , NOTI_TYPE
             , MESSAGE
             , IS_READ
             , CREATE_AT
             , TARGET_URL
        FROM NOTIFICATION
        WHERE RECEIVER_ID = 'MEMBER_20260317_009'
 {executed in 4 msec}
[2026-04-19 17:34:28.068] [INFO ] [http-nio-8881-exec-2] jdbc.sqltiming - SELECT /* MemberMapper.readMemberByMemberId (memberId를 통한 회원 정보 조회) */
               MEMBER_ID
             , USER_ID
             , USER_PASS
             , USER_NAME
             , USER_EMAIL
             , EMAIL_VERIFIED
             , USER_ROLE
             , USER_STATUS
             , PROFILE_IMAGE
             , CREATE_AT
             , UPDATE_AT
             , LAST_LOG_AT
          FROM MEMBER_INFO
        WHERE MEMBER_ID = 'MEMBER_20260317_009'
 {executed in 7 msec}
[2026-04-19 17:34:28.918] [INFO ] [clientInboundChannel-10] jdbc.sqltiming - SELECT /* MemberMapper.readMemberByMemberId (memberId를 통한 회원 정보 조회) */
               MEMBER_ID
             , USER_ID
             , USER_PASS
             , USER_NAME
             , USER_EMAIL
             , EMAIL_VERIFIED
             , USER_ROLE
             , USER_STATUS
             , PROFILE_IMAGE
             , CREATE_AT
             , UPDATE_AT
             , LAST_LOG_AT
          FROM MEMBER_INFO
        WHERE MEMBER_ID = 'MEMBER_20260317_009'
 {executed in 4 msec}
[2026-04-19 17:34:28.960] [INFO ] [clientInboundChannel-10] jdbc.sqltiming - INSERT INTO CHAT_MESSAGE( /* WebSocketMapper.insertChatMessage (채팅 저장) */
                    ROOM_ID
                  , SENDER_ID
                  , CONTENT
                  , SEND_TIME
                  , CHAT_TYPE
        )    VALUES(
                    'OPEN_CHAT'
                  , 'MEMBER_20260317_009'
                  , 'tester님이 입장하셨습니다.'
                  , 2026-04-19T17:34:28.920472
                  , 'ENTER'
               )
 {executed in 39 msec}
[2026-04-19 17:34:28.961] [INFO ] [clientInboundChannel-10] jdbc.sqltiming - getGeneratedKeys on query: INSERT INTO CHAT_MESSAGE( /* WebSocketMapper.insertChatMessage (채팅 저장) */
                    ROOM_ID
                  , SENDER_ID
                  , CONTENT
                  , SEND_TIME
                  , CHAT_TYPE
        )    VALUES(
                    'OPEN_CHAT'
                  , 'MEMBER_20260317_009'
                  , 'tester님이 입장하셨습니다.'
                  , 2026-04-19T17:34:28.920472
                  , 'ENTER'
               )
 {executed in 1 msec}
[2026-04-19 17:34:28.970] [INFO ] [clientInboundChannel-10] c.s.s.c.w.WebSocketController - JSON Message to Redis: {"notiId":null,"senderName":"tester","type":"ENTER","roomId":"OPEN_CHAT","senderId":"MEMBER_20260317_009","targetId":null,"content":"tester님이 입장하셨습니다.","timestamp":"2026-04-19 17:34:28","targetUrl":null}
[2026-04-19 17:34:28.987] [INFO ] [redisContainer-1] c.s.s.s.websocket.RedisSubscriber - RedisMessage Distributed: {"notiId":null,"senderName":"tester","type":"ENTER","roomId":"OPEN_CHAT","senderId":"MEMBER_20260317_009","targetId":null,"content":"tester님이 입장하셨습니다.","timestamp":"2026-04-19 17:34:28","targetUrl":null}
[2026-04-19 17:34:32.087] [INFO ] [http-nio-8881-exec-5] jdbc.sqltiming - SELECT /* MemberMapper.readMemberByMemberId (memberId를 통한 회원 정보 조회) */
               MEMBER_ID
             , USER_ID
             , USER_PASS
             , USER_NAME
             , USER_EMAIL
             , EMAIL_VERIFIED
             , USER_ROLE
             , USER_STATUS
             , PROFILE_IMAGE
             , CREATE_AT
             , UPDATE_AT
             , LAST_LOG_AT
          FROM MEMBER_INFO
        WHERE MEMBER_ID = 'MEMBER_20260317_009'
 {executed in 28 msec}
[2026-04-19 17:34:32.124] [INFO ] [http-nio-8881-exec-5] jdbc.sqltiming - SELECT /* AdminMapper.getMemberList (전체 회원 정보 조회 (Admin)) */
              MEMBER_ID
            , USER_ID
            , USER_NAME
            , USER_ROLE
            , USER_EMAIL
            , USER_STATUS
            , LAST_LOG_AT
        FROM  MEMBER_INFO
 {executed in 5 msec}
[2026-04-19 17:34:38.127] [INFO ] [http-nio-8881-exec-6] jdbc.sqltiming - SELECT /* MemberMapper.readMemberByMemberId (memberId를 통한 회원 정보 조회) */
               MEMBER_ID
             , USER_ID
             , USER_PASS
             , USER_NAME
             , USER_EMAIL
             , EMAIL_VERIFIED
             , USER_ROLE
             , USER_STATUS
             , PROFILE_IMAGE
             , CREATE_AT
             , UPDATE_AT
             , LAST_LOG_AT
          FROM MEMBER_INFO
        WHERE MEMBER_ID = 'MEMBER_20260317_009'
 {executed in 7 msec}
[2026-04-19 17:34:38.148] [INFO ] [http-nio-8881-exec-6] jdbc.sqltiming - SELECT /* Member.readMemberSimpleInfo (로그인 후, 회원 간편 정보 조회) */
               USER_ID                                  /* 사용자 아이디 */
             , USER_NAME                                /* 사용자 명    */
             , USER_EMAIL                               /* 사용자 이메일 */
             , USER_ROLE                                /* 사용자 권한  */
             , PROFILE_IMAGE                            /* 사용자 프로필  */
             , (SELECT COUNT(*)
                  FROM BOARD B
                 WHERE B.MEMBER_ID = M.MEMBER_ID
                   AND DELETE_YN='N') AS postCount      /* 게시글 수 */
             , (SELECT COUNT(*)
                  FROM COMMENT_MANAGEMENT CM
                 WHERE CM.MEMBER_ID = M.MEMBER_ID
                   AND DELETE_YN = 'N') AS commentCount /* 댓글 작성 수 */
             , LAST_LOG_AT  /* 최근 접속 시간 */
        FROM MEMBER_INFO M
        WHERE MEMBER_ID = 'MEMBER_20260317_009'
 {executed in 6 msec}
[2026-04-19 17:34:40.096] [INFO ] [http-nio-8881-exec-7] jdbc.sqltiming - SELECT /* MemberMapper.readMemberByMemberId (memberId를 통한 회원 정보 조회) */
               MEMBER_ID
             , USER_ID
             , USER_PASS
             , USER_NAME
             , USER_EMAIL
             , EMAIL_VERIFIED
             , USER_ROLE
             , USER_STATUS
             , PROFILE_IMAGE
             , CREATE_AT
             , UPDATE_AT
             , LAST_LOG_AT
          FROM MEMBER_INFO
        WHERE MEMBER_ID = 'MEMBER_20260317_009'
 {executed in 5 msec}
[2026-04-19 17:34:40.141] [INFO ] [http-nio-8881-exec-7] jdbc.sqltiming - SELECT /* BoardMapper.getBoardListWithPaging (페이징 처리된 게시판 목록 조회 (지연 조인 최적화 적용)) */
               B.BOARD_ID
             , B.TITLE
             , B.CONTENT
             , M.USER_ID
             , M.USER_NAME
             , B.MEMBER_ID
             , B.BOARD_CODE
             , B.CATEGORY_ID
             , B.VIEW_COUNT
             , B.LIKE_COUNT
             ,(SELECT COUNT(*)
                 FROM COMMENT_MANAGEMENT CM
                 WHERE CM.BOARD_ID = B.BOARD_ID
                   AND CM.DELETE_YN = 'N') AS commentCount /* 댓글 작성 수 */
             , M.PROFILE_IMAGE
             , B.CREATE_AT
             , B.UPDATE_AT
             , B.TAG_NAME
          FROM BOARD B
    INNER JOIN ( /* 인덱스만 사용하여 필요한 ID들만 빠르게 추출 */
                SELECT BOARD_ID
                  FROM BOARD
             WHERE DELETE_YN = 'N'

                    AND MEMBER_ID = 'MEMBER_20260317_009' 
            ORDER BY CREATE_AT DESC
            LIMIT 10 OFFSET 0
        ) AS temp ON B.BOARD_ID = temp.BOARD_ID
        LEFT JOIN MEMBER_INFO M ON B.MEMBER_ID = M.MEMBER_ID
        ORDER BY B.CREATE_AT DESC
 {executed in 7 msec}
[2026-04-19 17:34:40.155] [INFO ] [http-nio-8881-exec-7] jdbc.sqltiming - SELECT /* BoardMapper.getgetBoardTotalCount (게시글 총 개수 조회) */
               COUNT(*)
          FROM BOARD
         WHERE DELETE_YN = 'N'

                AND MEMBER_ID = 'MEMBER_20260317_009'
 {executed in 6 msec}
[2026-04-19 17:34:43.779] [INFO ] [http-nio-8881-exec-8] jdbc.sqltiming - SELECT /* MemberMapper.readMemberByMemberId (memberId를 통한 회원 정보 조회) */
               MEMBER_ID
             , USER_ID
             , USER_PASS
             , USER_NAME
             , USER_EMAIL
             , EMAIL_VERIFIED
             , USER_ROLE
             , USER_STATUS
             , PROFILE_IMAGE
             , CREATE_AT
             , UPDATE_AT
             , LAST_LOG_AT
          FROM MEMBER_INFO
        WHERE MEMBER_ID = 'MEMBER_20260317_009'
 {executed in 5 msec}
[2026-04-19 17:34:43.793] [INFO ] [http-nio-8881-exec-8] jdbc.sqltiming - SELECT /* AdminMapper.getMemberList (전체 회원 정보 조회 (Admin)) */
              MEMBER_ID
            , USER_ID
            , USER_NAME
            , USER_ROLE
            , USER_EMAIL
            , USER_STATUS
            , LAST_LOG_AT
        FROM  MEMBER_INFO
 {executed in 5 msec}
[2026-04-19 17:34:45.020] [INFO ] [http-nio-8881-exec-9] jdbc.sqltiming - SELECT /* MemberMapper.readMemberByMemberId (memberId를 통한 회원 정보 조회) */
               MEMBER_ID
             , USER_ID
             , USER_PASS
             , USER_NAME
             , USER_EMAIL
             , EMAIL_VERIFIED
             , USER_ROLE
             , USER_STATUS
             , PROFILE_IMAGE
             , CREATE_AT
             , UPDATE_AT
             , LAST_LOG_AT
          FROM MEMBER_INFO
        WHERE MEMBER_ID = 'MEMBER_20260317_009'
 {executed in 9 msec}
[2026-04-19 17:34:45.036] [INFO ] [http-nio-8881-exec-9] jdbc.sqltiming - SELECT  /* BoardMasterMapper.getBoardConfig 특정 게시판의 설정(이름, 카테고리 그룹, 기능 여부) 전체 리스트 조회 */
               BOARD_CODE
             , BOARD_NAME
             , GROUP_CODE
             , USE_YN
             , FILE_YN
             , REPLY_YN
             , CREATE_AT
             , UPDATE_AT
          FROM BOARD_MASTER
         ORDER BY CREATE_AT DESC
 {executed in 6 msec}
[2026-04-19 17:34:45.043] [INFO ] [http-nio-8881-exec-9] jdbc.sqltiming - SELECT /*  boardMapper.getCategoryListByBoardCode */
               CCD.CODE_ID AS categoryId
             , CCD.CODE_NAME AS categoryName
          FROM BOARD_MASTER BM
    INNER JOIN COMMON_CODE_DETAIL CCD
            ON BM.GROUP_CODE = CCD.GROUP_CODE
         WHERE BM.BOARD_CODE = 'B_GREETING_01'
           AND BM.USE_YN = 'Y'
      ORDER BY CCD.SORT_ORDER ASC
 {executed in 5 msec}
[2026-04-19 17:34:45.049] [INFO ] [http-nio-8881-exec-9] jdbc.sqltiming - SELECT /*  boardMapper.getCategoryListByBoardCode */
               CCD.CODE_ID AS categoryId
             , CCD.CODE_NAME AS categoryName
          FROM BOARD_MASTER BM
    INNER JOIN COMMON_CODE_DETAIL CCD
            ON BM.GROUP_CODE = CCD.GROUP_CODE
         WHERE BM.BOARD_CODE = 'B_NOTICE_01'
           AND BM.USE_YN = 'Y'
      ORDER BY CCD.SORT_ORDER ASC
 {executed in 4 msec}
[2026-04-19 17:34:45.056] [INFO ] [http-nio-8881-exec-9] jdbc.sqltiming - SELECT /*  boardMapper.getCategoryListByBoardCode */
               CCD.CODE_ID AS categoryId
             , CCD.CODE_NAME AS categoryName
          FROM BOARD_MASTER BM
    INNER JOIN COMMON_CODE_DETAIL CCD
            ON BM.GROUP_CODE = CCD.GROUP_CODE
         WHERE BM.BOARD_CODE = 'B_SQLD_01'
           AND BM.USE_YN = 'Y'
      ORDER BY CCD.SORT_ORDER ASC
 {executed in 5 msec}
[2026-04-19 17:34:47.064] [INFO ] [http-nio-8881-exec-10] jdbc.sqltiming - SELECT /* MemberMapper.readMemberByMemberId (memberId를 통한 회원 정보 조회) */
               MEMBER_ID
             , USER_ID
             , USER_PASS
             , USER_NAME
             , USER_EMAIL
             , EMAIL_VERIFIED
             , USER_ROLE
             , USER_STATUS
             , PROFILE_IMAGE
             , CREATE_AT
             , UPDATE_AT
             , LAST_LOG_AT
          FROM MEMBER_INFO
        WHERE MEMBER_ID = 'MEMBER_20260317_009'
 {executed in 5 msec}
[2026-04-19 17:34:47.081] [INFO ] [http-nio-8881-exec-10] jdbc.sqltiming - SELECT /* CommonCodeGroupMapper.getGroupCode (그룹코드 조회) */
               GROUP_CODE
             , GROUP_NAME
             , USE_YN
             , CREATE_AT
          FROM COMMON_CODE_GROUP
      ORDER BY CREATE_AT DESC
 {executed in 4 msec}
[2026-04-19 17:34:48.580] [INFO ] [http-nio-8881-exec-2] jdbc.sqltiming - SELECT /* MemberMapper.readMemberByMemberId (memberId를 통한 회원 정보 조회) */
               MEMBER_ID
             , USER_ID
             , USER_PASS
             , USER_NAME
             , USER_EMAIL
             , EMAIL_VERIFIED
             , USER_ROLE
             , USER_STATUS
             , PROFILE_IMAGE
             , CREATE_AT
             , UPDATE_AT
             , LAST_LOG_AT
          FROM MEMBER_INFO
        WHERE MEMBER_ID = 'MEMBER_20260317_009'
 {executed in 6 msec}
[2026-04-19 17:34:48.599] [INFO ] [http-nio-8881-exec-2] jdbc.sqltiming - SELECT /* CommonCodeDetailMapper.readCommonDetailCode (그룹 코드 상세 전체 리스트 조회) */
               GROUP_CODE
             , CODE_ID
             , CODE_NAME
             , SORT_ORDER
             , USE_YN
         FROM COMMON_CODE_DETAIL
        ORDER BY SORT_ORDER
 {executed in 4 msec}
[2026-04-19 17:34:57.507] [INFO ] [MessageBroker-5] o.s.w.s.c.WebSocketMessageBrokerStats - WebSocketSession[1 current WS(1)-HttpStream(0)-HttpPoll(0), 1 total, 0 closed abnormally (0 connect failure, 0 send limit, 0 transport error)], stompSubProtocol[processed CONNECT(1)-CONNECTED(1)-DISCONNECT(0)], stompBrokerRelay[null], inboundChannel[pool size = 12, active threads = 0, queued tasks = 0, completed tasks = 12], outboundChannel[pool size = 2, active threads = 0, queued tasks = 0, completed tasks = 2], sockJsScheduler[pool size = 8, active threads = 1, queued tasks = 5, completed tasks = 7]
[2026-04-19 17:35:00.037] [INFO ] [MessageBroker-7] c.s.s.c.s.BoardViewCountScheduler - >>> Redis 조회수 DB 동기화 시작
[2026-04-19 17:35:00.092] [INFO ] [MessageBroker-7] c.s.s.c.s.BoardViewCountScheduler - >>> 동기화할 조회수 데이터가 없습니다.
[2026-04-19 17:35:03.041] [INFO ] [http-nio-8881-exec-1] c.s.s.c.w.WebSocketEventListener - 사용자 퇴장 감지 (세션 기반): MEMBER_20260317_009
[2026-04-19 17:35:03.046] [INFO ] [redisContainer-2] c.s.s.s.websocket.RedisSubscriber - RedisMessage Distributed: {"notiId":null,"senderName":"tester","type":"QUIT","roomId":"OPEN_CHAT","senderId":"MEMBER_20260317_009","targetId":null,"content":"tester님이 퇴장하셨습니다.","timestamp":"2026-04-19 17:35:03","targetUrl":null}
[2026-04-19 17:51:48.180] [WARN ] [HikariPool-1:housekeeper] com.zaxxer.hikari.pool.HikariPool - HikariPool-1 - Thread starvation or clock leap detected (housekeeper delta=16m50s767ms).
[2026-04-19 19:31:40.601] [WARN ] [HikariPool-1:housekeeper] com.zaxxer.hikari.pool.HikariPool - HikariPool-1 - Thread starvation or clock leap detected (housekeeper delta=1h39m52s422ms).
[2026-04-19 19:36:43.200] [WARN ] [HikariPool-1:housekeeper] com.zaxxer.hikari.pool.HikariPool - HikariPool-1 - Thread starvation or clock leap detected (housekeeper delta=5m2s600ms).
[2026-04-19 20:10:10.709] [WARN ] [HikariPool-1:housekeeper] com.zaxxer.hikari.pool.HikariPool - HikariPool-1 - Thread starvation or clock leap detected (housekeeper delta=33m27s508ms).
[2026-04-19 20:27:30.089] [WARN ] [HikariPool-1:housekeeper] com.zaxxer.hikari.pool.HikariPool - HikariPool-1 - Thread starvation or clock leap detected (housekeeper delta=17m19s380ms).
[2026-04-19 20:37:22.800] [WARN ] [HikariPool-1:housekeeper] com.zaxxer.hikari.pool.HikariPool - HikariPool-1 - Thread starvation or clock leap detected (housekeeper delta=9m52s712ms).
[2026-04-19 20:55:39.557] [WARN ] [HikariPool-1:housekeeper] com.zaxxer.hikari.pool.HikariPool - HikariPool-1 - Thread starvation or clock leap detected (housekeeper delta=18m16s757ms).
[2026-04-19 21:27:42.566] [WARN ] [HikariPool-1:housekeeper] com.zaxxer.hikari.pool.HikariPool - HikariPool-1 - Thread starvation or clock leap detected (housekeeper delta=31m32s999ms).
[2026-04-19 21:28:15.102] [INFO ] [MessageBroker-5] c.s.s.c.s.BoardViewCountScheduler - >>> Redis 조회수 DB 동기화 시작
[2026-04-19 21:28:15.113] [INFO ] [MessageBroker-5] c.s.s.c.s.BoardViewCountScheduler - >>> 동기화할 조회수 데이터가 없습니다.
[2026-04-19 21:38:33.431] [WARN ] [HikariPool-1:housekeeper] com.zaxxer.hikari.pool.HikariPool - HikariPool-1 - Thread starvation or clock leap detected (housekeeper delta=10m20s863ms).
[2026-04-19 21:41:08.279] [WARN ] [HikariPool-1:housekeeper] com.zaxxer.hikari.pool.HikariPool - HikariPool-1 - Thread starvation or clock leap detected (housekeeper delta=2m4s835ms).
[2026-04-19 21:41:25.731] [INFO ] [MessageBroker-8] c.s.s.c.s.BoardViewCountScheduler - >>> Redis 조회수 DB 동기화 시작
[2026-04-19 21:41:25.739] [INFO ] [MessageBroker-8] c.s.s.c.s.BoardViewCountScheduler - >>> 동기화할 조회수 데이터가 없습니다.
[2026-04-19 22:30:22.292] [WARN ] [HikariPool-1:housekeeper] com.zaxxer.hikari.pool.HikariPool - HikariPool-1 - Thread starvation or clock leap detected (housekeeper delta=49m14s13ms).
[2026-04-19 22:39:42.950] [WARN ] [HikariPool-1:housekeeper] com.zaxxer.hikari.pool.HikariPool - HikariPool-1 - Thread starvation or clock leap detected (housekeeper delta=9m20s658ms).
[2026-04-19 23:13:36.313] [WARN ] [HikariPool-1:housekeeper] com.zaxxer.hikari.pool.HikariPool - HikariPool-1 - Thread starvation or clock leap detected (housekeeper delta=33m53s362ms).
[2026-04-19 23:40:40.570] [WARN ] [HikariPool-1:housekeeper] com.zaxxer.hikari.pool.HikariPool - HikariPool-1 - Thread starvation or clock leap detected (housekeeper delta=27m4s257ms).
